
> contable-pwa@0.1.0 build
> next build

Ôû▓ Next.js 16.1.6 (Turbopack)
- Environments: .env.local

  Creating an optimized production build ...
node.exe : 
En línea: 1 Carácter: 
1
+ & "C:\Program Files\
nodejs/node.exe" 
"C:\Program 
Files\nodejs/node_mo 
...
+ ~~~~~~~~~~~~~~~~~~~~
~~~~~~~~~~~~~~~~~~~~~~
~~~~~~~~~~~~~~~~~~~~~~
~~~~~
    + CategoryInfo    
          : NotSpeci  
  fied: (:String) [   
 ], RemoteExceptio    
n
    + FullyQualifiedE 
   rrorId : NativeCo  
  mmandError
 
> Build error occurred
Error: Turbopack 
build failed with 2 
errors:
./src/context/auth-con
text.tsx:4:1
Export generateKey 
doesn't exist in 
target module
[0m [90m 2 |[39m
 [90m 3 |[39m 
[36mimport[39m [33m
React[39m[33m,[39m 
{ createContext[33m,
[39m 
useContext[33m,[39m 
useEffect[33m,[39m 
useState } 
[36mfrom[39m [32m"r
eact"[39m[33m;[39m
[31m[1m>[22m[39m[
90m 4 |[39m 
[36mimport[39m { gen
erateKey[33m,[39m en
cryptData[33m,[39m 
decryptData } 
[36mfrom[39m [32m"@
/lib/encryption"[39m
[33m;[39m
 [90m   |[39m [31m
[1m^[22m[39m[31m[1
m^[22m[39m[31m[1m^
[22m[39m[31m[1m^[
22m[39m[31m[1m^[22
m[39m[31m[1m^[22m
[39m[31m[1m^[22m[3
9m[31m[1m^[22m[39m
[31m[1m^[22m[39m[
31m[1m^[22m[39m[31
m[1m^[22m[39m[31m
[1m^[22m[39m[31m[1
m^[22m[39m[31m[1m^
[22m[39m[31m[1m^[
22m[39m[31m[1m^[22
m[39m[31m[1m^[22m
[39m[31m[1m^[22m[3
9m[31m[1m^[22m[39m
[31m[1m^[22m[39m[
31m[1m^[22m[39m[31
m[1m^[22m[39m[31m
[1m^[22m[39m[31m[1
m^[22m[39m[31m[1m^
[22m[39m[31m[1m^[
22m[39m[31m[1m^[22
m[39m[31m[1m^[22m
[39m[31m[1m^[22m[3
9m[31m[1m^[22m[39m
[31m[1m^[22m[39m[
31m[1m^[22m[39m[31
m[1m^[22m[39m[31m
[1m^[22m[39m[31m[1
m^[22m[39m[31m[1m^
[22m[39m[31m[1m^[
22m[39m[31m[1m^[22
m[39m[31m[1m^[22m
[39m[31m[1m^[22m[3
9m[31m[1m^[22m[39m
[31m[1m^[22m[39m[
31m[1m^[22m[39m[31
m[1m^[22m[39m[31m
[1m^[22m[39m[31m[1
m^[22m[39m[31m[1m^
[22m[39m[31m[1m^[
22m[39m[31m[1m^[22
m[39m[31m[1m^[22m
[39m[31m[1m^[22m[3
9m[31m[1m^[22m[39m
[31m[1m^[22m[39m[
31m[1m^[22m[39m[31
m[1m^[22m[39m[31m
[1m^[22m[39m[31m[1
m^[22m[39m[31m[1m^
[22m[39m[31m[1m^[
22m[39m[31m[1m^[22
m[39m[31m[1m^[22m
[39m[31m[1m^[22m[3
9m[31m[1m^[22m[39m
[31m[1m^[22m[39m[
31m[1m^[22m[39m[31
m[1m^[22m[39m[31m
[1m^[22m[39m[31m[1
m^[22m[39m[31m[1m^
[22m[39m[31m[1m^[
22m[39m[31m[1m^[22
m[39m[31m[1m^[22m
[39m[31m[1m^[22m[3
9m
 [90m 5 |[39m 
[36mimport[39m { 
useRouter } 
[36mfrom[39m [32m"n
ext/navigation"[39m[
33m;[39m
 [90m 6 |[39m
 [90m 7 |[39m 
[36minterface[39m [
33mAuthContextType[39
m {[0m

The export 
generateKey was not 
found in module [proje
ct]/src/lib/encryption
.ts [app-client] 
(ecmascript).
Did you mean to 
import encryptData?
All exports of the 
module are statically 
known (It doesn't 
have dynamic 
exports). So it's 
known statically that 
the requested export 
doesn't exist.

Import traces:
  Client Component 
Browser:
    ./src/context/auth
-context.tsx [Client 
Component Browser]
    ./src/app/(dashboa
rd)/layout.tsx 
[Client Component 
Browser]
    ./src/app/(dashboa
rd)/layout.tsx 
[Server Component]

  Client Component 
SSR:
    ./src/context/auth
-context.tsx [Client 
Component SSR]
    ./src/app/(dashboa
rd)/layout.tsx 
[Client Component SSR]
    ./src/app/(dashboa
rd)/layout.tsx 
[Server Component]


./src/context/auth-con
text.tsx:4:1
Export generateKey 
doesn't exist in 
target module
[0m [90m 2 |[39m
 [90m 3 |[39m 
[36mimport[39m [33m
React[39m[33m,[39m 
{ createContext[33m,
[39m 
useContext[33m,[39m 
useEffect[33m,[39m 
useState } 
[36mfrom[39m [32m"r
eact"[39m[33m;[39m
[31m[1m>[22m[39m[
90m 4 |[39m 
[36mimport[39m { gen
erateKey[33m,[39m en
cryptData[33m,[39m 
decryptData } 
[36mfrom[39m [32m"@
/lib/encryption"[39m
[33m;[39m
 [90m   |[39m [31m
[1m^[22m[39m[31m[1
m^[22m[39m[31m[1m^
[22m[39m[31m[1m^[
22m[39m[31m[1m^[22
m[39m[31m[1m^[22m
[39m[31m[1m^[22m[3
9m[31m[1m^[22m[39m
[31m[1m^[22m[39m[
31m[1m^[22m[39m[31
m[1m^[22m[39m[31m
[1m^[22m[39m[31m[1
m^[22m[39m[31m[1m^
[22m[39m[31m[1m^[
22m[39m[31m[1m^[22
m[39m[31m[1m^[22m
[39m[31m[1m^[22m[3
9m[31m[1m^[22m[39m
[31m[1m^[22m[39m[
31m[1m^[22m[39m[31
m[1m^[22m[39m[31m
[1m^[22m[39m[31m[1
m^[22m[39m[31m[1m^
[22m[39m[31m[1m^[
22m[39m[31m[1m^[22
m[39m[31m[1m^[22m
[39m[31m[1m^[22m[3
9m[31m[1m^[22m[39m
[31m[1m^[22m[39m[
31m[1m^[22m[39m[31
m[1m^[22m[39m[31m
[1m^[22m[39m[31m[1
m^[22m[39m[31m[1m^
[22m[39m[31m[1m^[
22m[39m[31m[1m^[22
m[39m[31m[1m^[22m
[39m[31m[1m^[22m[3
9m[31m[1m^[22m[39m
[31m[1m^[22m[39m[
31m[1m^[22m[39m[31
m[1m^[22m[39m[31m
[1m^[22m[39m[31m[1
m^[22m[39m[31m[1m^
[22m[39m[31m[1m^[
22m[39m[31m[1m^[22
m[39m[31m[1m^[22m
[39m[31m[1m^[22m[3
9m[31m[1m^[22m[39m
[31m[1m^[22m[39m[
31m[1m^[22m[39m[31
m[1m^[22m[39m[31m
[1m^[22m[39m[31m[1
m^[22m[39m[31m[1m^
[22m[39m[31m[1m^[
22m[39m[31m[1m^[22
m[39m[31m[1m^[22m
[39m[31m[1m^[22m[3
9m[31m[1m^[22m[39m
[31m[1m^[22m[39m[
31m[1m^[22m[39m[31
m[1m^[22m[39m[31m
[1m^[22m[39m[31m[1
m^[22m[39m[31m[1m^
[22m[39m[31m[1m^[
22m[39m[31m[1m^[22
m[39m[31m[1m^[22m
[39m[31m[1m^[22m[3
9m
 [90m 5 |[39m 
[36mimport[39m { 
useRouter } 
[36mfrom[39m [32m"n
ext/navigation"[39m[
33m;[39m
 [90m 6 |[39m
 [90m 7 |[39m 
[36minterface[39m [
33mAuthContextType[39
m {[0m

The export 
generateKey was not 
found in module [proje
ct]/src/lib/encryption
.ts [app-ssr] 
(ecmascript).
Did you mean to 
import encryptData?
All exports of the 
module are statically 
known (It doesn't 
have dynamic 
exports). So it's 
known statically that 
the requested export 
doesn't exist.

Import traces:
  Client Component 
Browser:
    ./src/context/auth
-context.tsx [Client 
Component Browser]
    ./src/app/(dashboa
rd)/layout.tsx 
[Client Component 
Browser]
    ./src/app/(dashboa
rd)/layout.tsx 
[Server Component]

  Client Component 
SSR:
    ./src/context/auth
-context.tsx [Client 
Component SSR]
    ./src/app/(dashboa
rd)/layout.tsx 
[Client Component SSR]
    ./src/app/(dashboa
rd)/layout.tsx 
[Server Component]


    at <unknown> (./sr
c/context/auth-context
.tsx:4:1)
    at <unknown> (./sr
c/context/auth-context
.tsx:4:1)
